pages/UserManagement.tsx(651,1): error TS1005: '}' expected.
